// Jest Snapshot v1, https://goo.gl/fbAQLP

exports[`CARD should match the snapshot 1`] = `
ShallowWrapper {
  "length": 1,
  Symbol(enzyme.__root__): [Circular],
  Symbol(enzyme.__unrendered__): <Card
    movie={
        Object {
            "title": "Gone With The Wind",
          }
    }
/>,
  Symbol(enzyme.__renderer__): Object {
    "batchedUpdates": [Function],
    "getNode": [Function],
    "render": [Function],
    "simulateEvent": [Function],
    "unmount": [Function],
  },
  Symbol(enzyme.__node__): Object {
    "instance": null,
    "key": undefined,
    "nodeType": "host",
    "props": Object {
      "children": Array [
        <img
          alt="Gone With The Wind movie poster"
          src="https://image.tmdb.org/t/p/w500/undefined"
/>,
        <button
          className="card-button"
          id={undefined}
          onClick={undefined}
>
          Favorite
</button>,
      ],
      "className": "Card undefined",
      "id": undefined,
    },
    "ref": null,
    "rendered": Array [
      Object {
        "instance": null,
        "key": undefined,
        "nodeType": "host",
        "props": Object {
          "alt": "Gone With The Wind movie poster",
          "src": "https://image.tmdb.org/t/p/w500/undefined",
        },
        "ref": null,
        "rendered": null,
        "type": "img",
      },
      Object {
        "instance": null,
        "key": undefined,
        "nodeType": "host",
        "props": Object {
          "children": "Favorite",
          "className": "card-button",
          "id": undefined,
          "onClick": undefined,
        },
        "ref": null,
        "rendered": "Favorite",
        "type": "button",
      },
    ],
    "type": "article",
  },
  Symbol(enzyme.__nodes__): Array [
    Object {
      "instance": null,
      "key": undefined,
      "nodeType": "host",
      "props": Object {
        "children": Array [
          <img
            alt="Gone With The Wind movie poster"
            src="https://image.tmdb.org/t/p/w500/undefined"
/>,
          <button
            className="card-button"
            id={undefined}
            onClick={undefined}
>
            Favorite
</button>,
        ],
        "className": "Card undefined",
        "id": undefined,
      },
      "ref": null,
      "rendered": Array [
        Object {
          "instance": null,
          "key": undefined,
          "nodeType": "host",
          "props": Object {
            "alt": "Gone With The Wind movie poster",
            "src": "https://image.tmdb.org/t/p/w500/undefined",
          },
          "ref": null,
          "rendered": null,
          "type": "img",
        },
        Object {
          "instance": null,
          "key": undefined,
          "nodeType": "host",
          "props": Object {
            "children": "Favorite",
            "className": "card-button",
            "id": undefined,
            "onClick": undefined,
          },
          "ref": null,
          "rendered": "Favorite",
          "type": "button",
        },
      ],
      "type": "article",
    },
  ],
  Symbol(enzyme.__options__): Object {
    "adapter": ReactSixteenAdapter {
      "options": Object {
        "enableComponentDidUpdateOnSetState": true,
      },
    },
  },
}
`;
